[smoothwan.discourse.group/index1556.html]
[backblue.gif]
[fade.gif]
[index.html]
[canada1.discourse-cdn.com/free1/uploads/smoothwan/optimized/1X/3613a64d67b74a57a3b28c01cd298fd2c723dd92_2_32x32.png]
[canada1.discourse-cdn.com/free1/uploads/smoothwan/optimized/1X/3613a64d67b74a57a3b28c01cd298fd2c723dd92_2_180x180.png]
[smoothwan.discourse.group/opensearch.xml]
[smoothwan.discourse.group/index.html]
[yyz2.discourse-cdn.com/free1/stylesheets/color_definitions_base__1_2fd08b630e2e173ecc4d9090eb26db3f182aabf9.css_; filename_=UTF-8''color_definitions_base__1_2fd08b630e2e173ecc4d9090eb26db3f182aab]
[yyz2.discourse-cdn.com/free1/stylesheets/color_definitions_air-light-s_12_1_97cd8256f1ca62566a4a716f4c69270b98f87c48.css_; filename_=UTF-8''color_definitions_air-light-s_12_1_97cd8256f1ca62566a4a]
[yyz2.discourse-cdn.com/free1/stylesheets/desktop_9258ead2aa7dc7a96ffe0b2089a5b7ca643a4781.css_; filename_=UTF-8''desktop_9258ead2aa7dc7a96ffe0b2089a5b7ca643a4781e41b.css]
[yyz2.discourse-cdn.com/free1/stylesheets/checklist_9258ead2aa7dc7a96ffe0b2089a5b7ca643a4781.css_; filename_=UTF-8''checklist_9258ead2aa7dc7a96ffe0b2089a5b7ca643a4781e41b.css]
[yyz2.discourse-cdn.com/free1/stylesheets/discourse-adplugin_9258ead2aa7dc7a96ffe0b2089a5b7ca643a4781.css_; filename_=UTF-8''discourse-adplugin_9258ead2aa7dc7a96ffe0b2089a5b7ca643a4781e41b.css]
[yyz2.discourse-cdn.com/free1/stylesheets/discourse-ai_9258ead2aa7dc7a96ffe0b2089a5b7ca643a4781.css_; filename_=UTF-8''discourse-ai_9258ead2aa7dc7a96ffe0b2089a5b7ca643a4781e41b.css]
[yyz2.discourse-cdn.com/free1/stylesheets/discourse-akismet_9258ead2aa7dc7a96ffe0b2089a5b7ca643a4781.css_; filename_=UTF-8''discourse-akismet_9258ead2aa7dc7a96ffe0b2089a5b7ca643a4781e41b.css]
[yyz2.discourse-cdn.com/free1/stylesheets/discourse-cakeday_9258ead2aa7dc7a96ffe0b2089a5b7ca643a4781.css_; filename_=UTF-8''discourse-cakeday_9258ead2aa7dc7a96ffe0b2089a5b7ca643a4781e41b.css]
[yyz2.discourse-cdn.com/free1/stylesheets/discourse-details_9258ead2aa7dc7a96ffe0b2089a5b7ca643a4781.css_; filename_=UTF-8''discourse-details_9258ead2aa7dc7a96ffe0b2089a5b7ca643a4781e41b.css]
[yyz2.discourse-cdn.com/free1/stylesheets/discourse-lazy-videos_9258ead2aa7dc7a96ffe0b2089a5b7ca643a4781.css_; filename_=UTF-8''discourse-lazy-videos_9258ead2aa7dc7a96ffe0b2089a5b7ca643a4781e41b.c]
[yyz2.discourse-cdn.com/free1/stylesheets/discourse-local-dates_9258ead2aa7dc7a96ffe0b2089a5b7ca643a4781.css_; filename_=UTF-8''discourse-local-dates_9258ead2aa7dc7a96ffe0b2089a5b7ca643a4781e41b.c]
[yyz2.discourse-cdn.com/free1/stylesheets/discourse-narrative-bot_9258ead2aa7dc7a96ffe0b2089a5b7ca643a4781.css_; filename_=UTF-8''discourse-narrative-bot_9258ead2aa7dc7a96ffe0b2089a5b7ca643a4781e4]
[yyz2.discourse-cdn.com/free1/stylesheets/discourse-presence_9258ead2aa7dc7a96ffe0b2089a5b7ca643a4781.css_; filename_=UTF-8''discourse-presence_9258ead2aa7dc7a96ffe0b2089a5b7ca643a4781e41b.css]
[yyz2.discourse-cdn.com/free1/stylesheets/discourse-reactions_9258ead2aa7dc7a96ffe0b2089a5b7ca643a4781.css_; filename_=UTF-8''discourse-reactions_9258ead2aa7dc7a96ffe0b2089a5b7ca643a4781e41b.css]
[yyz2.discourse-cdn.com/free1/stylesheets/discourse-solved_9258ead2aa7dc7a96ffe0b2089a5b7ca643a4781.css_; filename_=UTF-8''discourse-solved_9258ead2aa7dc7a96ffe0b2089a5b7ca643a4781e41b.css]
[yyz2.discourse-cdn.com/free1/stylesheets/footnote_9258ead2aa7dc7a96ffe0b2089a5b7ca643a4781.css_; filename_=UTF-8''footnote_9258ead2aa7dc7a96ffe0b2089a5b7ca643a4781e41b.css]
[yyz2.discourse-cdn.com/free1/stylesheets/hosted-site_9258ead2aa7dc7a96ffe0b2089a5b7ca643a4781.css_; filename_=UTF-8''hosted-site_9258ead2aa7dc7a96ffe0b2089a5b7ca643a4781e41b.css]
[yyz2.discourse-cdn.com/free1/stylesheets/poll_9258ead2aa7dc7a96ffe0b2089a5b7ca643a4781.css_; filename_=UTF-8''poll_9258ead2aa7dc7a96ffe0b2089a5b7ca643a4781e41b.css]
[yyz2.discourse-cdn.com/free1/stylesheets/spoiler-alert_9258ead2aa7dc7a96ffe0b2089a5b7ca643a4781.css_; filename_=UTF-8''spoiler-alert_9258ead2aa7dc7a96ffe0b2089a5b7ca643a4781e41b.css]
[yyz2.discourse-cdn.com/free1/stylesheets/discourse-ai_desktop_9258ead2aa7dc7a96ffe0b2089a5b7ca643a4781.css_; filename_=UTF-8''discourse-ai_desktop_9258ead2aa7dc7a96ffe0b2089a5b7ca643a4781e41b.css]
[yyz2.discourse-cdn.com/free1/stylesheets/discourse-reactions_desktop_9258ead2aa7dc7a96ffe0b2089a5b7ca643a4781.css_; filename_=UTF-8''discourse-reactions_desktop_9258ead2aa7dc7a96ffe0b2089a5b7ca64]
[yyz2.discourse-cdn.com/free1/stylesheets/poll_desktop_9258ead2aa7dc7a96ffe0b2089a5b7ca643a4781.css_; filename_=UTF-8''poll_desktop_9258ead2aa7dc7a96ffe0b2089a5b7ca643a4781e41b.css]
[yyz2.discourse-cdn.com/free1/stylesheets/desktop_theme_1_1653767a2120603d38aafab509834c0911dfda5f.css_; filename_=UTF-8''desktop_theme_1_1653767a2120603d38aafab509834c0911dfda5fe41b.css]
[smoothwan.discourse.group/c/announcements/5.html]
[smoothwan.discourse.group/c/help/4.html]
[smoothwan.discourse.group/c/development/2.html]
[smoothwan.discourse.group/categories.html]
[smoothwan.discourse.group/tos.html]
[smoothwan.discourse.group/index1556.html]
[smoothwan.discourse.group/index.html]
[yyz2.discourse-cdn.com/free1/stylesheets/color_definitions_base__1_2fd08b630e2e173ecc4d9090eb26db3f182aabf9.css_; filename_=UTF-8''color_definitions_base__1_2fd08b630e2e173ecc4d9090eb26db3f182aab]
[yyz2.discourse-cdn.com/free1/stylesheets/color_definitions_air-light-s_12_1_97cd8256f1ca62566a4a716f4c69270b98f87c48.css_; filename_=UTF-8''color_definitions_air-light-s_12_1_97cd8256f1ca62566a4a]
[yyz2.discourse-cdn.com/free1/stylesheets/desktop_9258ead2aa7dc7a96ffe0b2089a5b7ca643a4781.css_; filename_=UTF-8''desktop_9258ead2aa7dc7a96ffe0b2089a5b7ca643a4781e41b.css]
[yyz2.discourse-cdn.com/free1/stylesheets/checklist_9258ead2aa7dc7a96ffe0b2089a5b7ca643a4781.css_; filename_=UTF-8''checklist_9258ead2aa7dc7a96ffe0b2089a5b7ca643a4781e41b.css]
[yyz2.discourse-cdn.com/free1/stylesheets/discourse-adplugin_9258ead2aa7dc7a96ffe0b2089a5b7ca643a4781.css_; filename_=UTF-8''discourse-adplugin_9258ead2aa7dc7a96ffe0b2089a5b7ca643a4781e41b.css]
[yyz2.discourse-cdn.com/free1/stylesheets/discourse-ai_9258ead2aa7dc7a96ffe0b2089a5b7ca643a4781.css_; filename_=UTF-8''discourse-ai_9258ead2aa7dc7a96ffe0b2089a5b7ca643a4781e41b.css]
[yyz2.discourse-cdn.com/free1/stylesheets/discourse-akismet_9258ead2aa7dc7a96ffe0b2089a5b7ca643a4781.css_; filename_=UTF-8''discourse-akismet_9258ead2aa7dc7a96ffe0b2089a5b7ca643a4781e41b.css]
[yyz2.discourse-cdn.com/free1/stylesheets/discourse-cakeday_9258ead2aa7dc7a96ffe0b2089a5b7ca643a4781.css_; filename_=UTF-8''discourse-cakeday_9258ead2aa7dc7a96ffe0b2089a5b7ca643a4781e41b.css]
[yyz2.discourse-cdn.com/free1/stylesheets/discourse-details_9258ead2aa7dc7a96ffe0b2089a5b7ca643a4781.css_; filename_=UTF-8''discourse-details_9258ead2aa7dc7a96ffe0b2089a5b7ca643a4781e41b.css]
[yyz2.discourse-cdn.com/free1/stylesheets/discourse-lazy-videos_9258ead2aa7dc7a96ffe0b2089a5b7ca643a4781.css_; filename_=UTF-8''discourse-lazy-videos_9258ead2aa7dc7a96ffe0b2089a5b7ca643a4781e41b.c]
[yyz2.discourse-cdn.com/free1/stylesheets/discourse-local-dates_9258ead2aa7dc7a96ffe0b2089a5b7ca643a4781.css_; filename_=UTF-8''discourse-local-dates_9258ead2aa7dc7a96ffe0b2089a5b7ca643a4781e41b.c]
[yyz2.discourse-cdn.com/free1/stylesheets/discourse-narrative-bot_9258ead2aa7dc7a96ffe0b2089a5b7ca643a4781.css_; filename_=UTF-8''discourse-narrative-bot_9258ead2aa7dc7a96ffe0b2089a5b7ca643a4781e4]
[yyz2.discourse-cdn.com/free1/stylesheets/discourse-presence_9258ead2aa7dc7a96ffe0b2089a5b7ca643a4781.css_; filename_=UTF-8''discourse-presence_9258ead2aa7dc7a96ffe0b2089a5b7ca643a4781e41b.css]
[yyz2.discourse-cdn.com/free1/stylesheets/discourse-reactions_9258ead2aa7dc7a96ffe0b2089a5b7ca643a4781.css_; filename_=UTF-8''discourse-reactions_9258ead2aa7dc7a96ffe0b2089a5b7ca643a4781e41b.css]
[yyz2.discourse-cdn.com/free1/stylesheets/discourse-solved_9258ead2aa7dc7a96ffe0b2089a5b7ca643a4781.css_; filename_=UTF-8''discourse-solved_9258ead2aa7dc7a96ffe0b2089a5b7ca643a4781e41b.css]
[yyz2.discourse-cdn.com/free1/stylesheets/footnote_9258ead2aa7dc7a96ffe0b2089a5b7ca643a4781.css_; filename_=UTF-8''footnote_9258ead2aa7dc7a96ffe0b2089a5b7ca643a4781e41b.css]
[yyz2.discourse-cdn.com/free1/stylesheets/hosted-site_9258ead2aa7dc7a96ffe0b2089a5b7ca643a4781.css_; filename_=UTF-8''hosted-site_9258ead2aa7dc7a96ffe0b2089a5b7ca643a4781e41b.css]
[yyz2.discourse-cdn.com/free1/stylesheets/poll_9258ead2aa7dc7a96ffe0b2089a5b7ca643a4781.css_; filename_=UTF-8''poll_9258ead2aa7dc7a96ffe0b2089a5b7ca643a4781e41b.css]
[yyz2.discourse-cdn.com/free1/stylesheets/spoiler-alert_9258ead2aa7dc7a96ffe0b2089a5b7ca643a4781.css_; filename_=UTF-8''spoiler-alert_9258ead2aa7dc7a96ffe0b2089a5b7ca643a4781e41b.css]
[yyz2.discourse-cdn.com/free1/stylesheets/discourse-ai_desktop_9258ead2aa7dc7a96ffe0b2089a5b7ca643a4781.css_; filename_=UTF-8''discourse-ai_desktop_9258ead2aa7dc7a96ffe0b2089a5b7ca643a4781e41b.css]
[yyz2.discourse-cdn.com/free1/stylesheets/discourse-reactions_desktop_9258ead2aa7dc7a96ffe0b2089a5b7ca643a4781.css_; filename_=UTF-8''discourse-reactions_desktop_9258ead2aa7dc7a96ffe0b2089a5b7ca64]
[yyz2.discourse-cdn.com/free1/stylesheets/poll_desktop_9258ead2aa7dc7a96ffe0b2089a5b7ca643a4781.css_; filename_=UTF-8''poll_desktop_9258ead2aa7dc7a96ffe0b2089a5b7ca643a4781e41b.css]
[yyz2.discourse-cdn.com/free1/stylesheets/desktop_theme_1_1653767a2120603d38aafab509834c0911dfda5f.css_; filename_=UTF-8''desktop_theme_1_1653767a2120603d38aafab509834c0911dfda5fe41b.css]
[smoothwan.discourse.group/privacy.html]
[smoothwan.discourse.group/c/announcements/52679.html]
[smoothwan.discourse.group/posts.rss]
[smoothwan.discourse.group/latest.rss]
[smoothwan.discourse.group/c/announcements/5.rss]
[cdck-file-uploads-canada1.s3.dualstack.ca-central-1.amazonaws.com/free1/uploads/smoothwan/original/1X/03eb1ddc6560412c34dcec770e569a32e90b9847.png]
[smoothwan.discourse.group/t/about-the-announcements-category/13.html]
[yyz2.discourse-cdn.com/free1/user_avatar/smoothwan.discourse.group/talalm/24/115_2.jpg]
[smoothwan.discourse.group/t/project-sunset-announcement/173.html]
[smoothwan.discourse.group/t/speedify-now-supports-openwrt-officially/172.html]
[smoothwan.discourse.group/tag/psa.html]
[smoothwan.discourse.group/tag/performance.html]
[smoothwan.discourse.group/tag/openwrt.html]
[smoothwan.discourse.group/t/installing-speedify-on-any-openwrt-capable-router-unofficially/119.html]
[smoothwan.discourse.group/t/tethering-is-now-easier-on-ios-android-with-pair-share-in-speedify-14/95.html]
[smoothwan.discourse.group/tag/pairshare.html]
[smoothwan.discourse.group/t/psa-device-limit-exceeded-account-issue-for-users-on-version-0-99-9-hf5/85.html]
[smoothwan.discourse.group/t/proxmox-setup-example/78.html]
[smoothwan.discourse.group/t/updated-bypass-speedify-vpn-over-vpn-guides/48.html]
[smoothwan.discourse.group/t/release-smoothwan-0-99-9-hf5-smoothwan-smoothwan/43.html]
[smoothwan.discourse.group/t/psa-unable-to-sign-in-speedify-ui-with-no-error-provided/16.html]
[smoothwan.discourse.group/t/psa-fix-agree-and-continue-button-not-visible/15.html]
[smoothwan.discourse.group/c/announcements/5.html]
[smoothwan.discourse.group/t/view-previous-discussions-at-github/14.html]
[smoothwan.discourse.group/c/help/42679.html]
[smoothwan.discourse.group/c/help/4.rss]
[cdck-file-uploads-canada1.s3.dualstack.ca-central-1.amazonaws.com/free1/uploads/smoothwan/original/1X/0f23d4cc265da295c6e741c69f2ee5dd75fc8a87.png]
[smoothwan.discourse.group/t/about-the-help-category/3.html]
[canada1.discourse-cdn.com/free1/uploads/smoothwan/original/1X/3613a64d67b74a57a3b28c01cd298fd2c723dd92.png]
[smoothwan.discourse.group/t/dns-server-address-default-how-to-change/170.html]
[smoothwan.discourse.group/t/after-reboot-settings-not-saved/158.html]
[smoothwan.discourse.group/t/save-changes-to-wan-interface-engarde/164.html]
[smoothwan.discourse.group/t/install-on-internal-results-in-boot-loop/162.html]
[smoothwan.discourse.group/t/connect-directly-to-connection-without-speedify/41.html]
[smoothwan.discourse.group/t/smoothwan-on-proxmox-ip-addresses/156.html]
[yyz2.discourse-cdn.com/free1/user_avatar/smoothwan.discourse.group/stuupifiedbyspeedify/24/161_2.jpg]
[smoothwan.discourse.group/t/broadcast-access-point-issue/151.html]
[smoothwan.discourse.group/t/i-have-a-slate-gl-net-router-downloaded-speedify-now-what/153.html]
[smoothwan.discourse.group/t/smoothwan-with-xfinitywifi/150.html]
[smoothwan.discourse.group/t/captive-portals-eg-hotel-wifi-logins/32.html]
[smoothwan.discourse.group/t/dhcp-relay-help-needed/148.html]
[smoothwan.discourse.group/t/avahai-mdns-reflector-setup/127.html]
[yyz2.discourse-cdn.com/free1/user_avatar/smoothwan.discourse.group/kuz/24/147_2.png]
[smoothwan.discourse.group/t/forwarding-and-policy-to-router-behind-smoothwan-router/111.html]
[smoothwan.discourse.group/t/beryl-ax-smoothwan/132.html]
[yyz2.discourse-cdn.com/free1/user_avatar/smoothwan.discourse.group/tkabal/24/148_2.png]
[smoothwan.discourse.group/t/help-with-vpn-over-vpn-using-nordlynx/135.html]
[smoothwan.discourse.group/t/using-smoothwan-as-ap-upstream-with-2-wifi-clients-and-1-wired-connection-speedify/137.html]
[yyz2.discourse-cdn.com/free1/user_avatar/smoothwan.discourse.group/aloft/24/149_2.png]
[smoothwan.discourse.group/t/scan-logs-me-out-everytime/140.html]
[smoothwan.discourse.group/t/engarde-lag-spikes-and-low-tx/120.html]
[smoothwan.discourse.group/t/adguard-breaks-tmobile-connections/129.html]
[smoothwan.discourse.group/t/x86-updates-or-kernel-module-installation/130.html]
[smoothwan.discourse.group/t/installing-on-other-brand-routers/115.html]
[yyz2.discourse-cdn.com/free1/user_avatar/smoothwan.discourse.group/shane8johnson/24/131_2.jpg]
[smoothwan.discourse.group/t/simplest-hardware-option/123.html]
[yyz2.discourse-cdn.com/free1/user_avatar/smoothwan.discourse.group/sean/24/145_2.png]
[smoothwan.discourse.group/t/interfaces-losing-configuration/121.html]
[smoothwan.discourse.group/t/smoothwan-engarde-on-oracle-cloud/102.html]
[yyz2.discourse-cdn.com/free1/user_avatar/smoothwan.discourse.group/thematy/24/124_2.png]
[smoothwan.discourse.group/t/how-to-bypass-one-device-out-wan/118.html]
[smoothwan.discourse.group/t/cant-join-wi-fi-and-broadcast-access-point-simultainiously/112.html]
[yyz2.discourse-cdn.com/free1/user_avatar/smoothwan.discourse.group/spacesuitdiver/24/127_2.jpg]
[smoothwan.discourse.group/t/leveraging-iphone-wifi-hotspot-makes-access-point-on-same-freq-disappear/71.html]
[smoothwan.discourse.group/t/multiple-usb-modems-of-the-same-model-on-smoothwan/79.html]
[yyz2.discourse-cdn.com/free1/user_avatar/smoothwan.discourse.group/chansearrington/24/35_2.png]
[smoothwan.discourse.group/t/bypass-speedify-for-specific-v-lan/103.html]
[yyz2.discourse-cdn.com/free1/user_avatar/smoothwan.discourse.group/timirvin/24/121_2.jpg]
[smoothwan.discourse.group/c/help/4.html]
[smoothwan.discourse.group/c/development/22679.html]
[smoothwan.discourse.group/c/development/2.rss]
[cdck-file-uploads-canada1.s3.dualstack.ca-central-1.amazonaws.com/free1/uploads/smoothwan/original/1X/08ad9bfbba8df4b9131d9e5c6ef87e82c2b3318a.png]
[smoothwan.discourse.group/t/about-the-development-feedback-category/1.html]
[smoothwan.discourse.group/t/wireguard-for-all-clients-working-but-cant-access-luci/94.html]
[yyz2.discourse-cdn.com/free1/user_avatar/smoothwan.discourse.group/johhen/24/92_2.jpg]
[smoothwan.discourse.group/t/slate-ax-speedify-throughput-test-result-by-amos-discord/17.html]
[yyz2.discourse-cdn.com/free1/user_avatar/smoothwan.discourse.group/clemiiiii/24/32_2.png]
[yyz2.discourse-cdn.com/free1/user_avatar/smoothwan.discourse.group/thumper/24/50_2.jpg]
[smoothwan.discourse.group/t/fast-com-netflix-questions/46.html]
[smoothwan.discourse.group/t/is-the-smoothwan-image-for-rpi-4-work-for-rpi-cm4-as-well/37.html]
[yyz2.discourse-cdn.com/free1/user_avatar/smoothwan.discourse.group/klloh/24/46_2.png]
[smoothwan.discourse.group/t/openssh-sftp-server-package/24.html]
[yyz2.discourse-cdn.com/free1/user_avatar/smoothwan.discourse.group/webmasterkai/24/28_2.jpg]
[smoothwan.discourse.group/c/development/2.html]
[smoothwan.discourse.group/categories.html]
[smoothwan.discourse.group/about.html]
[smoothwan.discourse.group/faq.html]
[canada1.discourse-cdn.com/free1/uploads/smoothwan/original/1X/999ecd27ce1081679a496e1c20889bba79bdc5e8.png]
[canada1.discourse-cdn.com/free1/uploads/smoothwan/optimized/1X/ecc92a52ee7353e03d5c0d1ea6521ce4541d9c25_2_500x500.png]
[smoothwan.discourse.group/tos.html]
[smoothwan.discourse.group/privacy.html]
[smoothwan.discourse.group/c/announcements/52679.html]
[smoothwan.discourse.group/t/about-the-announcements-category/13.rss]
[canada1.discourse-cdn.com/free1/uploads/smoothwan/original/1X/6375c8796e6998ed686c6f7039ade6edea006f54.png]
[smoothwan.discourse.group/t/about-the-announcements-category/13.html]
[smoothwan.discourse.group/t/project-sunset-announcement/173.rss]
[emoji.discourse-cdn.com/twitter/tadae5bf.png]
[emoji.discourse-cdn.com/twitter/parrote5bf.png]
[smoothwan.discourse.group/t/project-sunset-announcement/173.html]
[smoothwan.discourse.group/t/speedify-now-supports-openwrt-officially/172.rss]
[smoothwan.discourse.group/t/speedify-now-supports-openwrt-officially/172.html]
[smoothwan.discourse.group/tag/psa.html]
[smoothwan.discourse.group/tag/psad452.html]
[smoothwan.discourse.group/tag/performance.html]
[smoothwan.discourse.group/tag/performance09ff.html]
[smoothwan.discourse.group/tag/openwrt.html]
[smoothwan.discourse.group/tag/openwrt1d04.html]
[smoothwan.discourse.group/t/installing-speedify-on-any-openwrt-capable-router-unofficially/119.rss]
[smoothwan.discourse.group/t/installing-speedify-on-any-openwrt-capable-router-unofficially/119.html]
[smoothwan.discourse.group/t/would-smootwan-run-on-nanopi-r6s/63.html]
[smoothwan.discourse.group/t/tethering-is-now-easier-on-ios-android-with-pair-share-in-speedify-14/95.rss]
[smoothwan.discourse.group/t/tethering-is-now-easier-on-ios-android-with-pair-share-in-speedify-14/95.html]
[smoothwan.discourse.group/t/wireless-is-not-associated/77.html]
[smoothwan.discourse.group/tag/pairshare.html]
[smoothwan.discourse.group/tag/pairsharecd23.html]
[smoothwan.discourse.group/t/psa-device-limit-exceeded-account-issue-for-users-on-version-0-99-9-hf5/85.rss]
[smoothwan.discourse.group/t/psa-device-limit-exceeded-account-issue-for-users-on-version-0-99-9-hf5/85.html]
[smoothwan.discourse.group/t/speedify-ui-not-working/98.html]
[smoothwan.discourse.group/t/proxmox-setup-example/78.rss]
[smoothwan.discourse.group/t/recommended-method-for-installing-on-proxmox/25.html]
[smoothwan.discourse.group/t/proxmox-setup-example/78.html]
[smoothwan.discourse.group/t/firewall-wan-input-should-be-reject-but-default-was-accept/58.html]
[smoothwan.discourse.group/t/updated-bypass-speedify-vpn-over-vpn-guides/48.rss]
[smoothwan.discourse.group/t/updated-bypass-speedify-vpn-over-vpn-guides/48.html]
[smoothwan.discourse.group/t/release-smoothwan-0-99-9-hf5-smoothwan-smoothwan/43.rss]
[canada1.discourse-cdn.com/free1/uploads/smoothwan/optimized/1X/64c65312f42443814a4f0f507076b1d04422bb8b_2_1024x512.png]
[canada1.discourse-cdn.com/free1/uploads/smoothwan/original/1X/64c65312f42443814a4f0f507076b1d04422bb8b.png]
[canada1.discourse-cdn.com/free1/uploads/smoothwan/optimized/1X/64c65312f42443814a4f0f507076b1d04422bb8b_2_690x345.png]
[smoothwan.discourse.group/t/release-smoothwan-0-99-9-hf5-smoothwan-smoothwan/43.html]
[smoothwan.discourse.group/t/psa-unable-to-sign-in-speedify-ui-with-no-error-provided/16.rss]
[smoothwan.discourse.group/t/psa-unable-to-sign-in-speedify-ui-with-no-error-provided/16.html]
[smoothwan.discourse.group/t/psa-fix-agree-and-continue-button-not-visible/15.rss]
[canada1.discourse-cdn.com/free1/uploads/smoothwan/optimized/1X/a2df1444de2097fc6ea32c6f4d2e73058357862b_2_1024x456.png]
[canada1.discourse-cdn.com/free1/uploads/smoothwan/original/1X/a2df1444de2097fc6ea32c6f4d2e73058357862b.png]
[canada1.discourse-cdn.com/free1/uploads/smoothwan/optimized/1X/a2df1444de2097fc6ea32c6f4d2e73058357862b_2_690x307.png]
[smoothwan.discourse.group/t/ethernet-ports-not-allowing-connection-to-the-ui/50.html]
[smoothwan.discourse.group/t/psa-fix-agree-and-continue-button-not-visible/15.html]
[smoothwan.discourse.group/t/odd-p2p-popup-bittorrent-not-supported-on-server/59.html]
[smoothwan.discourse.group/t/view-previous-discussions-at-github/14.rss]
[smoothwan.discourse.group/t/view-previous-discussions-at-github/14.html]
[smoothwan.discourse.group/c/help/4.json]
[smoothwan.discourse.group/c/help/44658.html]
[smoothwan.discourse.group/t/v0-99-9-hf4-quectel-rm520n-gl-in-usb-sled/19.html]
[smoothwan.discourse.group/t/mystery-route-123-123-123-123/99.html]
[smoothwan.discourse.group/t/change-ip-of-connectify0-on-flint/93.html]
[smoothwan.discourse.group/t/smoothwan-with-gl-a1300-slate-plus/56.html]
[yyz2.discourse-cdn.com/free1/user_avatar/smoothwan.discourse.group/suspi/24/116_2.jpg]
[smoothwan.discourse.group/t/cant-connect-ethernet-modem-on-raspberry-pi-4/69.html]
[yyz2.discourse-cdn.com/free1/user_avatar/smoothwan.discourse.group/mrdreigon/24/100_2.png]
[smoothwan.discourse.group/t/port-forward-from-one-wan/66.html]
[smoothwan.discourse.group/t/choosing-hardware-for-smoothwan-raspberry-pi-4-vs-gl-inet-flint/30.html]
[smoothwan.discourse.group/t/patch-to-start-support-for-speedify-logs-in-a-specified-location/62.html]
[smoothwan.discourse.group/t/help-with-interface-not-coming-up/61.html]
[smoothwan.discourse.group/t/slate-ax-cpu-to-100-and-all-network-traffic-ceased-reboot-required/57.html]
[smoothwan.discourse.group/t/wired-wan-on-slate-ax-not-working/54.html]
[yyz2.discourse-cdn.com/free1/user_avatar/smoothwan.discourse.group/hoochthefireman/24/44_2.jpg]
[smoothwan.discourse.group/t/is-smoothwan-support-bigger-i2c-oled-screen/51.html]
[smoothwan.discourse.group/t/basic-slate-ax-setup-for-dummies-needed-where-did-i-go-wrong/35.html]
[smoothwan.discourse.group/t/dhcp-leases-not-showing-on-status-page/42.html]
[smoothwan.discourse.group/c/help/42679.html]
[smoothwan.discourse.group/t/customizing-dhcp-server-address-and-or-reverting-from-adguard/39.html]
[smoothwan.discourse.group/t/about-the-help-category/3.rss]
[smoothwan.discourse.group/t/about-the-help-category/3.html]
[smoothwan.discourse.group/t/dns-server-address-default-how-to-change/170.rss]
[emoji.discourse-cdn.com/twitter/slight_smilee5bf.png]
[yyz2.discourse-cdn.com/free1/user_avatar/smoothwan.discourse.group/talalm/48/115_2.jpg]
[smoothwan.discourse.group/t/dns-server-address-default-how-to-change/170.html]
[avatars.discourse-cdn.com/v4/letter/g/2acd7d/25.html]
[smoothwan.discourse.group/t/after-reboot-settings-not-saved/158.rss]
[smoothwan.discourse.group/t/after-reboot-settings-not-saved/158.html]
[avatars.discourse-cdn.com/v4/letter/a/eb8c5e/25.html]
[avatars.discourse-cdn.com/v4/letter/n/9e8a1a/25.html]
[smoothwan.discourse.group/t/save-changes-to-wan-interface-engarde/164.rss]
[emoji.discourse-cdn.com/twitter/grinninge5bf.png]
[smoothwan.discourse.group/t/save-changes-to-wan-interface-engarde/164.html]
[avatars.discourse-cdn.com/v4/letter/s/96bed5/25.html]
[smoothwan.discourse.group/t/install-on-internal-results-in-boot-loop/162.rss]
[smoothwan.discourse.group/t/install-on-internal-results-in-boot-loop/162.html]
[avatars.discourse-cdn.com/v4/letter/i/5f9b8f/25.html]
[smoothwan.discourse.group/t/connect-directly-to-connection-without-speedify/41.rss]
[smoothwan.discourse.group/t/connect-directly-to-connection-without-speedify/41.html]
[avatars.discourse-cdn.com/v4/letter/m/ac8455/25.html]
[smoothwan.discourse.group/t/smoothwan-on-proxmox-ip-addresses/156.rss]
[smoothwan.discourse.group/t/smoothwan-on-proxmox-ip-addresses/156.html]
[smoothwan.discourse.group/t/broadcast-access-point-issue/151.rss]
[canada1.discourse-cdn.com/free1/uploads/smoothwan/optimized/1X/974630dd9b266dc6264fa6d08db23fcd48f734e6_2_1024x536.png]
[canada1.discourse-cdn.com/free1/uploads/smoothwan/original/1X/974630dd9b266dc6264fa6d08db23fcd48f734e6.png]
[canada1.discourse-cdn.com/free1/uploads/smoothwan/original/1X/e9b1378b4b05e68a5e962037770dad0b4e91681f.png]
[canada1.discourse-cdn.com/free1/uploads/smoothwan/original/1X/9bf8af3d97abd5cd135c3535083307221b599695.png]
[canada1.discourse-cdn.com/free1/uploads/smoothwan/optimized/1X/974630dd9b266dc6264fa6d08db23fcd48f734e6_2_690x361.png]
[canada1.discourse-cdn.com/free1/uploads/smoothwan/original/1X/3d6777a38314207ecada9e528b27426429325102.png]
[smoothwan.discourse.group/t/broadcast-access-point-issue/151.html]
[smoothwan.discourse.group/t/i-have-a-slate-gl-net-router-downloaded-speedify-now-what/153.rss]
[smoothwan.discourse.group/t/i-have-a-slate-gl-net-router-downloaded-speedify-now-what/153.html]
[avatars.discourse-cdn.com/v4/letter/j/46a35a/25.html]
[smoothwan.discourse.group/t/smoothwan-with-xfinitywifi/150.rss]
[canada1.discourse-cdn.com/free1/uploads/smoothwan/original/1X/2d81ab965a37c8b3a278ece3d797c9433cc81c1b.png]
[smoothwan.discourse.group/t/smoothwan-with-xfinitywifi/150.html]
[smoothwan.discourse.group/t/captive-portals-eg-hotel-wifi-logins/32.rss]
[canada1.discourse-cdn.com/free1/uploads/smoothwan/original/1X/58236dfd3bf17936ee6831a976e378b408d9bdb9.png]
[smoothwan.discourse.group/t/captive-portals-eg-hotel-wifi-logins/32.html]
[avatars.discourse-cdn.com/v4/letter/k/e19b73/25.html]
[smoothwan.discourse.group/t/dhcp-relay-help-needed/148.rss]
[canada1.discourse-cdn.com/free1/uploads/smoothwan/optimized/1X/ecea59ad5f200981f65fd32b01c3d97fa2676cf9_2_1024x968.png]
[canada1.discourse-cdn.com/free1/uploads/smoothwan/original/1X/ecea59ad5f200981f65fd32b01c3d97fa2676cf9.png]
[canada1.discourse-cdn.com/free1/uploads/smoothwan/optimized/1X/ecea59ad5f200981f65fd32b01c3d97fa2676cf9_2_528x499.png]
[smoothwan.discourse.group/t/dhcp-relay-help-needed/148.html]
[avatars.discourse-cdn.com/v4/letter/j/ecae2f/25.html]
[smoothwan.discourse.group/t/avahai-mdns-reflector-setup/127.rss]
[smoothwan.discourse.group/t/avahai-mdns-reflector-setup/127.html]
[smoothwan.discourse.group/t/forwarding-and-policy-to-router-behind-smoothwan-router/111.rss]
[smoothwan.discourse.group/t/forwarding-and-policy-to-router-behind-smoothwan-router/111.html]
[avatars.discourse-cdn.com/v4/letter/v/f475e1/25.html]
[smoothwan.discourse.group/t/beryl-ax-smoothwan/132.rss]
[smoothwan.discourse.group/t/beryl-ax-smoothwan/132.html]
[smoothwan.discourse.group/t/help-with-vpn-over-vpn-using-nordlynx/135.rss]
[smoothwan.discourse.group/t/help-with-vpn-over-vpn-using-nordlynx/135.html]
[avatars.discourse-cdn.com/v4/letter/o/c89c15/25.html]
[smoothwan.discourse.group/t/using-smoothwan-as-ap-upstream-with-2-wifi-clients-and-1-wired-connection-speedify/137.rss]
[smoothwan.discourse.group/t/using-smoothwan-as-ap-upstream-with-2-wifi-clients-and-1-wired-connection-speedify/137.html]
[smoothwan.discourse.group/t/scan-logs-me-out-everytime/140.rss]
[smoothwan.discourse.group/t/scan-logs-me-out-everytime/140.html]
[avatars.discourse-cdn.com/v4/letter/r/9dc877/25.html]
[smoothwan.discourse.group/t/engarde-lag-spikes-and-low-tx/120.rss]
[smoothwan.discourse.group/t/engarde-lag-spikes-and-low-tx/120.html]
[avatars.discourse-cdn.com/v4/letter/a/dc4da7/25.html]
[smoothwan.discourse.group/t/adguard-breaks-tmobile-connections/129.rss]
[smoothwan.discourse.group/t/adguard-breaks-tmobile-connections/129.html]
[avatars.discourse-cdn.com/v4/letter/d/278dde/25.html]
[smoothwan.discourse.group/t/x86-updates-or-kernel-module-installation/130.rss]
[smoothwan.discourse.group/t/x86-updates-or-kernel-module-installation/130.html]
[smoothwan.discourse.group/t/installing-on-other-brand-routers/115.rss]
[smoothwan.discourse.group/t/installing-on-other-brand-routers/115.html]
[smoothwan.discourse.group/t/simplest-hardware-option/123.rss]
[smoothwan.discourse.group/t/simplest-hardware-option/123.html]
[smoothwan.discourse.group/t/interfaces-losing-configuration/121.rss]
[smoothwan.discourse.group/t/interfaces-losing-configuration/121.html]
[avatars.discourse-cdn.com/v4/letter/r/f9ae1b/25.html]
[smoothwan.discourse.group/t/smoothwan-engarde-on-oracle-cloud/102.rss]
[emoji.discourse-cdn.com/twitter/smileye5bf.png]
[emoji.discourse-cdn.com/twitter/frowninge5bf.png]
[emoji.discourse-cdn.com/twitter/confusede5bf.png]
[canada1.discourse-cdn.com/free1/uploads/smoothwan/original/1X/bac9584778d9185afd36e43b0e4717f91762a82d.jpg]
[canada1.discourse-cdn.com/free1/uploads/smoothwan/optimized/1X/bac9584778d9185afd36e43b0e4717f91762a82d_2_690x327.jpg]
[canada1.discourse-cdn.com/free1/uploads/smoothwan/original/1X/693df2cf169253d0c053240f6a951c7f42762dc5.jpg]
[canada1.discourse-cdn.com/free1/uploads/smoothwan/optimized/1X/693df2cf169253d0c053240f6a951c7f42762dc5_2_690x327.jpg]
[canada1.discourse-cdn.com/free1/uploads/smoothwan/original/1X/9b949e9c32c069f20790dc2c71c0052816055c5f.jpg]
[canada1.discourse-cdn.com/free1/uploads/smoothwan/optimized/1X/9b949e9c32c069f20790dc2c71c0052816055c5f_2_690x327.jpg]
[canada1.discourse-cdn.com/free1/uploads/smoothwan/original/1X/450e38c822e8aed43987621e1976d94234ece590.jpg]
[canada1.discourse-cdn.com/free1/uploads/smoothwan/optimized/1X/450e38c822e8aed43987621e1976d94234ece590_2_690x327.jpg]
[canada1.discourse-cdn.com/free1/uploads/smoothwan/original/1X/f4ebd1d6b6d8d5a5007345d2a48088a8a3296014.jpg]
[canada1.discourse-cdn.com/free1/uploads/smoothwan/optimized/1X/f4ebd1d6b6d8d5a5007345d2a48088a8a3296014_2_690x327.jpg]
[canada1.discourse-cdn.com/free1/uploads/smoothwan/original/1X/34e4f386de6ca3ac7d8c6e802a391f0ecb145665.jpg]
[canada1.discourse-cdn.com/free1/uploads/smoothwan/optimized/1X/34e4f386de6ca3ac7d8c6e802a391f0ecb145665_2_690x327.jpg]
[canada1.discourse-cdn.com/free1/uploads/smoothwan/original/1X/25a0bdca02ea1b9ec50b8cdd0f46ae15c2d394f7.jpg]
[canada1.discourse-cdn.com/free1/uploads/smoothwan/optimized/1X/25a0bdca02ea1b9ec50b8cdd0f46ae15c2d394f7_2_690x327.jpg]
[smoothwan.discourse.group/t/smoothwan-engarde-on-oracle-cloud/102.html]
[smoothwan.discourse.group/t/how-to-bypass-one-device-out-wan/118.rss]
[canada1.discourse-cdn.com/free1/uploads/smoothwan/original/1X/fddad37be704618b4cd943cb617ba377118899ae.png]
[canada1.discourse-cdn.com/free1/uploads/smoothwan/optimized/1X/fddad37be704618b4cd943cb617ba377118899ae_2_366x375.png]
[canada1.discourse-cdn.com/free1/uploads/smoothwan/original/1X/b7e2c5b74ba22ce6cdcb58e851139705dfa6e783.png]
[canada1.discourse-cdn.com/free1/uploads/smoothwan/optimized/1X/b7e2c5b74ba22ce6cdcb58e851139705dfa6e783_2_345x33.png]
[smoothwan.discourse.group/t/how-to-bypass-one-device-out-wan/118.html]
[avatars.discourse-cdn.com/v4/letter/w/ee7513/25.html]
[smoothwan.discourse.group/t/cant-join-wi-fi-and-broadcast-access-point-simultainiously/112.rss]
[smoothwan.discourse.group/t/cant-join-wi-fi-and-broadcast-access-point-simultainiously/112.html]
[smoothwan.discourse.group/t/leveraging-iphone-wifi-hotspot-makes-access-point-on-same-freq-disappear/71.rss]
[canada1.discourse-cdn.com/free1/uploads/smoothwan/original/1X/c7316b23a53798e9c641fbffed0f20d95f288d0b.jpg]
[smoothwan.discourse.group/t/leveraging-iphone-wifi-hotspot-makes-access-point-on-same-freq-disappear/714658.html]
[canada1.discourse-cdn.com/free1/uploads/smoothwan/optimized/1X/c7316b23a53798e9c641fbffed0f20d95f288d0b_2_690x282.jpg]
[canada1.discourse-cdn.com/free1/uploads/smoothwan/original/1X/2221259989318ea3a75a1941067ce9c202e18154.png]
[canada1.discourse-cdn.com/free1/uploads/smoothwan/optimized/1X/2221259989318ea3a75a1941067ce9c202e18154_2_690x316.png]
[canada1.discourse-cdn.com/free1/uploads/smoothwan/original/1X/7ff54dd954edb0a3821c85a94aada7c7df7cfb05.jpg]
[canada1.discourse-cdn.com/free1/uploads/smoothwan/optimized/1X/7ff54dd954edb0a3821c85a94aada7c7df7cfb05_2_690x434.jpg]
[canada1.discourse-cdn.com/free1/uploads/smoothwan/original/1X/8a5a0e60e68abba669fa95cfe208fb1260530f8a.png]
[smoothwan.discourse.group/t/leveraging-iphone-wifi-hotspot-makes-access-point-on-same-freq-disappear/71.html]
[avatars.discourse-cdn.com/v4/letter/s/bb73d2/25.html]
[smoothwan.discourse.group/t/multiple-usb-modems-of-the-same-model-on-smoothwan/79.rss]
[canada1.discourse-cdn.com/free1/uploads/smoothwan/optimized/1X/2b29b2a7b6c39ce31a760a89ab150c5fb3e3e40b_2_713x1024.jpg]
[canada1.discourse-cdn.com/free1/uploads/smoothwan/original/1X/2b29b2a7b6c39ce31a760a89ab150c5fb3e3e40b.jpg]
[canada1.discourse-cdn.com/free1/uploads/smoothwan/optimized/1X/2b29b2a7b6c39ce31a760a89ab150c5fb3e3e40b_2_348x500.jpg]
[canada1.discourse-cdn.com/free1/uploads/smoothwan/original/1X/353a009afadd5cdac9346384da0b8b20a948080c.png]
[canada1.discourse-cdn.com/free1/uploads/smoothwan/optimized/1X/353a009afadd5cdac9346384da0b8b20a948080c_2_623x500.png]
[yyz2.discourse-cdn.com/free1/user_avatar/smoothwan.discourse.group/chansearrington/48/35_2.png]
[smoothwan.discourse.group/t/multiple-usb-modems-of-the-same-model-on-smoothwan/79.html]
[smoothwan.discourse.group/t/bypass-speedify-for-specific-v-lan/103.rss]
[smoothwan.discourse.group/t/bypass-speedify-for-specific-v-lan/103.html]
[smoothwan.discourse.group/c/development/22679.html]
[smoothwan.discourse.group/t/about-the-development-feedback-category/1.rss]
[smoothwan.discourse.group/t/about-the-development-feedback-category/1.html]
[smoothwan.discourse.group/t/wireguard-for-all-clients-working-but-cant-access-luci/94.rss]
[smoothwan.discourse.group/t/wireguard-for-all-clients-working-but-cant-access-luci/94.html]
[smoothwan.discourse.group/t/slate-ax-speedify-throughput-test-result-by-amos-discord/17.rss]
[canada1.discourse-cdn.com/free1/uploads/smoothwan/original/1X/31f64ce9841356c1b7591c81bb8f26284d68ba0a.png]
[canada1.discourse-cdn.com/free1/uploads/smoothwan/original/1X/7d636ef92c6101768bfd71f144cd5b54b56523b0.png]
[canada1.discourse-cdn.com/free1/uploads/smoothwan/original/1X/b783bf30310cd5043a135e00f943dffc93d3e906.png]
[canada1.discourse-cdn.com/free1/uploads/smoothwan/optimized/1X/b783bf30310cd5043a135e00f943dffc93d3e906_2_690x397.png]
[emoji.discourse-cdn.com/twitter/heart_eyes_cate5bf.png]
[canada1.discourse-cdn.com/free1/uploads/smoothwan/original/1X/41fb754d00a4332362de61cb3f95bed796849ed5.jpg]
[canada1.discourse-cdn.com/free1/uploads/smoothwan/optimized/1X/41fb754d00a4332362de61cb3f95bed796849ed5_2_690x432.jpg]
[canada1.discourse-cdn.com/free1/uploads/smoothwan/original/1X/dcee18c8367ac3a7cf13553ea45da0904b2ace9d.png]
[canada1.discourse-cdn.com/free1/uploads/smoothwan/original/1X/171a11a951ff2f54a195b1f08b4252fdac56c8f2.png]
[canada1.discourse-cdn.com/free1/uploads/smoothwan/original/1X/8c6dbb55b5179affc59f7dfbec3b04db3bdd9563.jpg]
[canada1.discourse-cdn.com/free1/uploads/smoothwan/optimized/1X/8c6dbb55b5179affc59f7dfbec3b04db3bdd9563_2_230x500.jpg]
[canada1.discourse-cdn.com/free1/uploads/smoothwan/original/1X/46ede2e588cb2b8602c1ce686c86ac7c3bd51fd3.jpg]
[canada1.discourse-cdn.com/free1/uploads/smoothwan/optimized/1X/46ede2e588cb2b8602c1ce686c86ac7c3bd51fd3_2_690x461.jpg]
[canada1.discourse-cdn.com/free1/uploads/smoothwan/original/1X/ae903409eb3c437a376499078fd51a90cfb52a75.png]
[canada1.discourse-cdn.com/free1/uploads/smoothwan/optimized/1X/ae903409eb3c437a376499078fd51a90cfb52a75_2_690x360.png]
[smoothwan.discourse.group/t/slate-ax-speedify-throughput-test-result-by-amos-discord/17.html]
[smoothwan.discourse.group/t/fast-com-netflix-questions/46.rss]
[canada1.discourse-cdn.com/free1/uploads/smoothwan/original/1X/2e48f1fa60c571ec2c93c5100e74a5e94800b424.png]
[smoothwan.discourse.group/t/fast-com-netflix-questions/46.html]
[smoothwan.discourse.group/t/is-the-smoothwan-image-for-rpi-4-work-for-rpi-cm4-as-well/37.rss]
[smoothwan.discourse.group/t/is-the-smoothwan-image-for-rpi-4-work-for-rpi-cm4-as-well/37.html]
[smoothwan.discourse.group/t/openssh-sftp-server-package/24.rss]
[canada1.discourse-cdn.com/free1/uploads/smoothwan/original/1X/a25f89a4e13da39791050ddbe090ee5cc962265c.png]
[smoothwan.discourse.group/t/openssh-sftp-server-package/24.html]
[smoothwan.discourse.group/about.html]
[smoothwan.discourse.group/c/site-feedback.139.delayed]
[smoothwan.discourse.group/faq.html]
[smoothwan.discourse.group/tag/psad452.html]
[smoothwan.discourse.group/tag/performance09ff.html]
[smoothwan.discourse.group/tag/openwrt1d04.html]
[smoothwan.discourse.group/t/would-smootwan-run-on-nanopi-r6s/63.rss]
[canada1.discourse-cdn.com/free1/uploads/smoothwan/original/1X/feacf2d91efcaa27c654948cd7068f10c3c546e0.png]
[canada1.discourse-cdn.com/free1/uploads/smoothwan/original/1X/1bf2fcad0f19ad5f6a464043ad282aec9e55e736.png]
[canada1.discourse-cdn.com/free1/uploads/smoothwan/original/1X/148fe2ad6731197c250a690f96314d2d45bc4860.jpg]
[canada1.discourse-cdn.com/free1/uploads/smoothwan/optimized/1X/148fe2ad6731197c250a690f96314d2d45bc4860_2_666x500.jpg]
[canada1.discourse-cdn.com/free1/uploads/smoothwan/original/1X/7db45fdac126a567ae6e9bc8c2b1679b3ed1d852.jpg]
[canada1.discourse-cdn.com/free1/uploads/smoothwan/optimized/1X/7db45fdac126a567ae6e9bc8c2b1679b3ed1d852_2_666x500.jpg]
[canada1.discourse-cdn.com/free1/uploads/smoothwan/original/1X/6c85a3851c7e6ed55214198a06373938e3d0602d.jpg]
[canada1.discourse-cdn.com/free1/uploads/smoothwan/optimized/1X/6c85a3851c7e6ed55214198a06373938e3d0602d_2_666x500.jpg]
[smoothwan.discourse.group/t/would-smootwan-run-on-nanopi-r6s/63.html]
[smoothwan.discourse.group/t/wireless-is-not-associated/77.rss]
[smoothwan.discourse.group/t/wireless-is-not-associated/77.html]
[smoothwan.discourse.group/tag/pairsharecd23.html]
[smoothwan.discourse.group/t/speedify-ui-not-working/98.rss]
[smoothwan.discourse.group/t/speedify-ui-not-working/98.html]
[smoothwan.discourse.group/t/recommended-method-for-installing-on-proxmox/25.rss]
[smoothwan.discourse.group/t/recommended-method-for-installing-on-proxmox/25.html]
[smoothwan.discourse.group/t/firewall-wan-input-should-be-reject-but-default-was-accept/58.rss]
[smoothwan.discourse.group/t/firewall-wan-input-should-be-reject-but-default-was-accept/58.html]
[smoothwan.discourse.group/t/ethernet-ports-not-allowing-connection-to-the-ui/50.rss]
[canada1.discourse-cdn.com/free1/uploads/smoothwan/original/1X/1c5a04592227affbb8601c00d6ef61598f1ad1fd.png]
[canada1.discourse-cdn.com/free1/uploads/smoothwan/optimized/1X/1c5a04592227affbb8601c00d6ef61598f1ad1fd_2_461x500.png]
[smoothwan.discourse.group/t/ethernet-ports-not-allowing-connection-to-the-ui/50.html]
[smoothwan.discourse.group/t/odd-p2p-popup-bittorrent-not-supported-on-server/59.rss]
[smoothwan.discourse.group/t/odd-p2p-popup-bittorrent-not-supported-on-server/127.0.0.14b.delayed]
[smoothwan.discourse.group/t/odd-p2p-popup-bittorrent-not-supported-on-server/59.html]
[smoothwan.discourse.group/c/help/44658.html]
[smoothwan.discourse.group/t/v0-99-9-hf4-quectel-rm520n-gl-in-usb-sled/19.rss]
[canada1.discourse-cdn.com/free1/uploads/smoothwan/original/1X/9bae4d78fadddc95eb041e15a1ecb8af9aa1eee8.png]
[canada1.discourse-cdn.com/free1/uploads/smoothwan/optimized/1X/9bae4d78fadddc95eb041e15a1ecb8af9aa1eee8_2_546x500.png]
[canada1.discourse-cdn.com/free1/uploads/smoothwan/original/1X/cb899ca5f6c025093d03d1bb4183b2327cad377c.png]
[canada1.discourse-cdn.com/free1/uploads/smoothwan/optimized/1X/cb899ca5f6c025093d03d1bb4183b2327cad377c_2_690x345.png]
[canada1.discourse-cdn.com/free1/uploads/smoothwan/original/1X/590ed95035138765847aa6a9956baf057985350a.png]
[canada1.discourse-cdn.com/free1/uploads/smoothwan/original/1X/1641961ad320650526b05b713a06db847fad4ecc.png]
[canada1.discourse-cdn.com/free1/uploads/smoothwan/optimized/1X/1641961ad320650526b05b713a06db847fad4ecc_2_259x500.png]
[canada1.discourse-cdn.com/free1/uploads/smoothwan/original/1X/e5332a057f2f148733491707c001b283fd71e4b3.png]
[canada1.discourse-cdn.com/free1/uploads/smoothwan/optimized/1X/e5332a057f2f148733491707c001b283fd71e4b3_2_614x500.png]
[canada1.discourse-cdn.com/free1/uploads/smoothwan/original/1X/98258aeaa6de35db3f31599dccf91c536cfcb4b2.png]
[canada1.discourse-cdn.com/free1/uploads/smoothwan/optimized/1X/98258aeaa6de35db3f31599dccf91c536cfcb4b2_2_611x500.png]
[canada1.discourse-cdn.com/free1/uploads/smoothwan/original/1X/d9a12001dcf870cf2f9b65b2197623d7201ed1cd.png]
[canada1.discourse-cdn.com/free1/uploads/smoothwan/optimized/1X/d9a12001dcf870cf2f9b65b2197623d7201ed1cd_2_515x499.png]
[canada1.discourse-cdn.com/free1/uploads/smoothwan/original/1X/0a78bfffcb0c20c7b83cfe28e9a4017b826ab00f.png]
[canada1.discourse-cdn.com/free1/uploads/smoothwan/optimized/1X/0a78bfffcb0c20c7b83cfe28e9a4017b826ab00f_2_690x367.png]
[canada1.discourse-cdn.com/free1/uploads/smoothwan/original/1X/42fbe23db9e9999b036979275c9928d7c3e94f32.png]
[canada1.discourse-cdn.com/free1/uploads/smoothwan/optimized/1X/42fbe23db9e9999b036979275c9928d7c3e94f32_2_659x500.png]
[smoothwan.discourse.group/t/v0-99-9-hf4-quectel-rm520n-gl-in-usb-sled/19.html]
[avatars.discourse-cdn.com/v4/letter/g/ce73a5/25.html]
[smoothwan.discourse.group/t/mystery-route-123-123-123-123/99.rss]
[smoothwan.discourse.group/t/mystery-route-123-123-123-123/99.html]
[smoothwan.discourse.group/t/change-ip-of-connectify0-on-flint/93.rss]
[smoothwan.discourse.group/t/change-ip-of-connectify0-on-flint/93.html]
[avatars.discourse-cdn.com/v4/letter/r/a88e57/25.html]
[smoothwan.discourse.group/t/smoothwan-with-gl-a1300-slate-plus/56.rss]
[smoothwan.discourse.group/t/smoothwan-with-gl-a1300-slate-plus/56.html]
[avatars.discourse-cdn.com/v4/letter/v/6de8d8/25.html]
[smoothwan.discourse.group/t/cant-connect-ethernet-modem-on-raspberry-pi-4/69.rss]
[canada1.discourse-cdn.com/free1/uploads/smoothwan/original/1X/2c4dd999cceb3c26306fce5091c66006594efeb2.png]
[canada1.discourse-cdn.com/free1/uploads/smoothwan/optimized/1X/2c4dd999cceb3c26306fce5091c66006594efeb2_2_690x156.png]
[smoothwan.discourse.group/t/cant-connect-ethernet-modem-on-raspberry-pi-4/69.html]
[smoothwan.discourse.group/t/port-forward-from-one-wan/66.rss]
[smoothwan.discourse.group/t/port-forward-from-one-wan/66.html]
[smoothwan.discourse.group/t/choosing-hardware-for-smoothwan-raspberry-pi-4-vs-gl-inet-flint/30.rss]
[smoothwan.discourse.group/t/choosing-hardware-for-smoothwan-raspberry-pi-4-vs-gl-inet-flint/30.html]
[smoothwan.discourse.group/t/patch-to-start-support-for-speedify-logs-in-a-specified-location/62.rss]
[canada1.discourse-cdn.com/free1/uploads/smoothwan/original/1X/43a42d24e51ad39fe3538338741030ea37874e00.png]
[canada1.discourse-cdn.com/free1/uploads/smoothwan/original/1X/b6f64e61b09fe1c78cd12b8986ad15d6c8e010da.png]
[canada1.discourse-cdn.com/free1/uploads/smoothwan/optimized/1X/b6f64e61b09fe1c78cd12b8986ad15d6c8e010da_2_690x380.png]
[smoothwan.discourse.group/t/patch-to-start-support-for-speedify-logs-in-a-specified-location/62.html]
[smoothwan.discourse.group/t/help-with-interface-not-coming-up/61.rss]
[smoothwan.discourse.group/t/help-with-interface-not-coming-up/61.html]
[avatars.discourse-cdn.com/v4/letter/z/e79b87/25.html]
[smoothwan.discourse.group/t/slate-ax-cpu-to-100-and-all-network-traffic-ceased-reboot-required/57.rss]
[canada1.discourse-cdn.com/free1/uploads/smoothwan/optimized/1X/2e96fb96b83f1aaed3129843c05df611264b48b3_2_1024x994.png]
[canada1.discourse-cdn.com/free1/uploads/smoothwan/original/1X/2e96fb96b83f1aaed3129843c05df611264b48b3.png]
[canada1.discourse-cdn.com/free1/uploads/smoothwan/optimized/1X/2e96fb96b83f1aaed3129843c05df611264b48b3_2_514x500.png]
[canada1.discourse-cdn.com/free1/uploads/smoothwan/original/1X/46b9bf6dc7cdb7ce7b48a2ea9b3635ffae0b0acf.png]
[canada1.discourse-cdn.com/free1/uploads/smoothwan/optimized/1X/46b9bf6dc7cdb7ce7b48a2ea9b3635ffae0b0acf_2_519x500.png]
[canada1.discourse-cdn.com/free1/uploads/smoothwan/original/1X/565e11fbf4bebff968ca53b58a7d3427276e3e45.png]
[canada1.discourse-cdn.com/free1/uploads/smoothwan/optimized/1X/565e11fbf4bebff968ca53b58a7d3427276e3e45_2_379x500.png]
[canada1.discourse-cdn.com/free1/uploads/smoothwan/original/1X/00fe98cf35a6eca6b1bc88639daf7907f5f5d9c1.png]
[canada1.discourse-cdn.com/free1/uploads/smoothwan/original/1X/d4a9cadf8af05bde9ebfdcdb34cc89c5cf087f5c.png]
[canada1.discourse-cdn.com/free1/uploads/smoothwan/optimized/1X/d4a9cadf8af05bde9ebfdcdb34cc89c5cf087f5c_2_429x500.png]
[canada1.discourse-cdn.com/free1/uploads/smoothwan/original/1X/c72cee142f503b0f013c5652ff14b35c0b7fa016.png]
[canada1.discourse-cdn.com/free1/uploads/smoothwan/optimized/1X/c72cee142f503b0f013c5652ff14b35c0b7fa016_2_446x500.png]
[canada1.discourse-cdn.com/free1/uploads/smoothwan/original/1X/a7b746453fb2828580311926e538fd10bd957f6c.png]
[canada1.discourse-cdn.com/free1/uploads/smoothwan/original/1X/f9d89e5b200987579314ad00dc8acce4cfb8779d.png]
[canada1.discourse-cdn.com/free1/uploads/smoothwan/original/1X/c88b4224602d68359f355f63b0e467c195d62225.png]
[canada1.discourse-cdn.com/free1/uploads/smoothwan/optimized/1X/c88b4224602d68359f355f63b0e467c195d62225_2_690x177.png]
[canada1.discourse-cdn.com/free1/uploads/smoothwan/original/1X/2d5f7be817779aeb6f9464f751ef5bab30681b86.png]
[canada1.discourse-cdn.com/free1/uploads/smoothwan/optimized/1X/2d5f7be817779aeb6f9464f751ef5bab30681b86_2_690x203.png]
[smoothwan.discourse.group/t/slate-ax-cpu-to-100-and-all-network-traffic-ceased-reboot-required/57.html]
[smoothwan.discourse.group/t/wired-wan-on-slate-ax-not-working/54.rss]
[smoothwan.discourse.group/t/wired-wan-on-slate-ax-not-working/54.html]
[smoothwan.discourse.group/t/is-smoothwan-support-bigger-i2c-oled-screen/51.rss]
[smoothwan.discourse.group/t/is-smoothwan-support-bigger-i2c-oled-screen/51.html]
[smoothwan.discourse.group/t/basic-slate-ax-setup-for-dummies-needed-where-did-i-go-wrong/35.rss]
[smoothwan.discourse.group/t/basic-slate-ax-setup-for-dummies-needed-where-did-i-go-wrong/35.html]
[avatars.discourse-cdn.com/v4/letter/s/a4c791/25.html]
[smoothwan.discourse.group/t/dhcp-leases-not-showing-on-status-page/42.rss]
[smoothwan.discourse.group/t/dhcp-leases-not-showing-on-status-page/42.html]
[smoothwan.discourse.group/t/customizing-dhcp-server-address-and-or-reverting-from-adguard/39.rss]
[smoothwan.discourse.group/t/customizing-dhcp-server-address-and-or-reverting-from-adguard/39.html]
[emoji.discourse-cdn.com/twitter/sweat_smilee5bf.png]
[emoji.discourse-cdn.com/twitter/slightly_frowning_facee5bf.png]
[emoji.discourse-cdn.com/twitter/slightly_smiling_facee5bf.png]
[smoothwan.discourse.group/t/leveraging-iphone-wifi-hotspot-makes-access-point-on-same-freq-disappear/714658.html]
[smoothwan.discourse.group/c/site-feedback.html]
[smoothwan.discourse.group/t/odd-p2p-popup-bittorrent-not-supported-on-server/127.0.0.html]
[avatars.discourse-cdn.com/v4/letter/z/e79b87/48.html]
[emoji.discourse-cdn.com/twitter/man_facepalminge5bf.png]
